  Determining projects to restore...
  All projects are up-to-date for restore.
C:\Programming\APKToolUI\ViewModels\AnalyserViewModel.cs(32,16): warning CS8618: Non-nullable field '_projectPath' must contain a non-null value when exiting constructor. Consider adding the 'required' modifier or declaring the field as nullable. [C:\Programming\APKToolUI\PulseAPK_wxfgtyvv_wpftmp.csproj]
C:\Programming\APKToolUI\ViewModels\BuildViewModel.cs(50,16): warning CS8618: Non-nullable field '_projectPath' must contain a non-null value when exiting constructor. Consider adding the 'required' modifier or declaring the field as nullable. [C:\Programming\APKToolUI\PulseAPK_wxfgtyvv_wpftmp.csproj]
C:\Programming\APKToolUI\ViewModels\BuildViewModel.cs(50,16): warning CS8618: Non-nullable field '_outputApkPath' must contain a non-null value when exiting constructor. Consider adding the 'required' modifier or declaring the field as nullable. [C:\Programming\APKToolUI\PulseAPK_wxfgtyvv_wpftmp.csproj]
C:\Programming\APKToolUI\ViewModels\BuildViewModel.cs(50,16): warning CS8618: Non-nullable field '_outputFolderPath' must contain a non-null value when exiting constructor. Consider adding the 'required' modifier or declaring the field as nullable. [C:\Programming\APKToolUI\PulseAPK_wxfgtyvv_wpftmp.csproj]
C:\Programming\APKToolUI\ViewModels\BuildViewModel.cs(50,16): warning CS8618: Non-nullable field '_outputApkName' must contain a non-null value when exiting constructor. Consider adding the 'required' modifier or declaring the field as nullable. [C:\Programming\APKToolUI\PulseAPK_wxfgtyvv_wpftmp.csproj]
C:\Programming\APKToolUI\ViewModels\DecompileViewModel.cs(46,16): warning CS8618: Non-nullable field '_apkPath' must contain a non-null value when exiting constructor. Consider adding the 'required' modifier or declaring the field as nullable. [C:\Programming\APKToolUI\PulseAPK_wxfgtyvv_wpftmp.csproj]
C:\Programming\APKToolUI\Views\AnalyserView.xaml.cs(46,78): error CS0117: 'Resources' does not contain a definition for 'Error_InvalidSmaliProject' [C:\Programming\APKToolUI\PulseAPK_wxfgtyvv_wpftmp.csproj]
C:\Programming\APKToolUI\Views\AnalyserView.xaml.cs(46,126): error CS0117: 'Resources' does not contain a definition for 'AnalyserHeader' [C:\Programming\APKToolUI\PulseAPK_wxfgtyvv_wpftmp.csproj]
C:\Programming\APKToolUI\Views\AnalyserView.xaml.cs(51,126): error CS0117: 'Resources' does not contain a definition for 'AnalyserHeader' [C:\Programming\APKToolUI\PulseAPK_wxfgtyvv_wpftmp.csproj]
C:\Programming\APKToolUI\Services\SmaliAnalyserService.cs(35,66): warning CS8604: Possible null reference argument for parameter 'logCallback' in 'List<Finding> SmaliAnalyserService.DetectRootChecks(string[] smaliFiles, Action<string> logCallback)'. [C:\Programming\APKToolUI\PulseAPK_wxfgtyvv_wpftmp.csproj]
C:\Programming\APKToolUI\ViewModels\AnalyserViewModel.cs(42,108): error CS0117: 'Resources' does not contain a definition for 'AnalyserHeader' [C:\Programming\APKToolUI\PulseAPK_wxfgtyvv_wpftmp.csproj]
C:\Programming\APKToolUI\ViewModels\AnalyserViewModel.cs(46,48): error CS0117: 'Resources' does not contain a definition for 'AnalysisStarting' [C:\Programming\APKToolUI\PulseAPK_wxfgtyvv_wpftmp.csproj]
C:\Programming\APKToolUI\ViewModels\AnalyserViewModel.cs(60,52): error CS0117: 'Resources' does not contain a definition for 'RootCheckFound' [C:\Programming\APKToolUI\PulseAPK_wxfgtyvv_wpftmp.csproj]
C:\Programming\APKToolUI\ViewModels\AnalyserViewModel.cs(61,52): error CS0117: 'Resources' does not contain a definition for 'FoundIn' [C:\Programming\APKToolUI\PulseAPK_wxfgtyvv_wpftmp.csproj]
C:\Programming\APKToolUI\ViewModels\AnalyserViewModel.cs(73,52): error CS0117: 'Resources' does not contain a definition for 'RootCheckNotFound' [C:\Programming\APKToolUI\PulseAPK_wxfgtyvv_wpftmp.csproj]
C:\Programming\APKToolUI\ViewModels\AnalyserViewModel.cs(80,52): error CS0117: 'Resources' does not contain a definition for 'EmulatorCheckFound' [C:\Programming\APKToolUI\PulseAPK_wxfgtyvv_wpftmp.csproj]
C:\Programming\APKToolUI\ViewModels\AnalyserViewModel.cs(81,52): error CS0117: 'Resources' does not contain a definition for 'FoundIn' [C:\Programming\APKToolUI\PulseAPK_wxfgtyvv_wpftmp.csproj]
C:\Programming\APKToolUI\ViewModels\AnalyserViewModel.cs(93,52): error CS0117: 'Resources' does not contain a definition for 'EmulatorCheckNotFound' [C:\Programming\APKToolUI\PulseAPK_wxfgtyvv_wpftmp.csproj]
C:\Programming\APKToolUI\ViewModels\AnalyserViewModel.cs(100,52): error CS0117: 'Resources' does not contain a definition for 'CredentialsFound' [C:\Programming\APKToolUI\PulseAPK_wxfgtyvv_wpftmp.csproj]
C:\Programming\APKToolUI\ViewModels\AnalyserViewModel.cs(101,52): error CS0117: 'Resources' does not contain a definition for 'FoundIn' [C:\Programming\APKToolUI\PulseAPK_wxfgtyvv_wpftmp.csproj]
C:\Programming\APKToolUI\ViewModels\AnalyserViewModel.cs(113,52): error CS0117: 'Resources' does not contain a definition for 'CredentialsNotFound' [C:\Programming\APKToolUI\PulseAPK_wxfgtyvv_wpftmp.csproj]
C:\Programming\APKToolUI\ViewModels\AnalyserViewModel.cs(120,52): error CS0117: 'Resources' does not contain a definition for 'SqlQueriesFound' [C:\Programming\APKToolUI\PulseAPK_wxfgtyvv_wpftmp.csproj]
C:\Programming\APKToolUI\ViewModels\AnalyserViewModel.cs(121,52): error CS0117: 'Resources' does not contain a definition for 'FoundIn' [C:\Programming\APKToolUI\PulseAPK_wxfgtyvv_wpftmp.csproj]
C:\Programming\APKToolUI\ViewModels\AnalyserViewModel.cs(133,52): error CS0117: 'Resources' does not contain a definition for 'SqlQueriesNotFound' [C:\Programming\APKToolUI\PulseAPK_wxfgtyvv_wpftmp.csproj]
C:\Programming\APKToolUI\ViewModels\AnalyserViewModel.cs(140,52): error CS0117: 'Resources' does not contain a definition for 'HttpUrlsFound' [C:\Programming\APKToolUI\PulseAPK_wxfgtyvv_wpftmp.csproj]
C:\Programming\APKToolUI\ViewModels\AnalyserViewModel.cs(141,52): error CS0117: 'Resources' does not contain a definition for 'FoundIn' [C:\Programming\APKToolUI\PulseAPK_wxfgtyvv_wpftmp.csproj]
C:\Programming\APKToolUI\ViewModels\AnalyserViewModel.cs(153,52): error CS0117: 'Resources' does not contain a definition for 'HttpUrlsNotFound' [C:\Programming\APKToolUI\PulseAPK_wxfgtyvv_wpftmp.csproj]
C:\Programming\APKToolUI\ViewModels\AnalyserViewModel.cs(157,48): error CS0117: 'Resources' does not contain a definition for 'AnalysisComplete' [C:\Programming\APKToolUI\PulseAPK_wxfgtyvv_wpftmp.csproj]
C:\Programming\APKToolUI\ViewModels\AnalyserViewModel.cs(158,63): error CS0117: 'Resources' does not contain a definition for 'AnalysisComplete' [C:\Programming\APKToolUI\PulseAPK_wxfgtyvv_wpftmp.csproj]
C:\Programming\APKToolUI\ViewModels\AnalyserViewModel.cs(162,51): error CS0117: 'Resources' does not contain a definition for 'AnalysisFailed' [C:\Programming\APKToolUI\PulseAPK_wxfgtyvv_wpftmp.csproj]

Build FAILED.

C:\Programming\APKToolUI\ViewModels\AnalyserViewModel.cs(32,16): warning CS8618: Non-nullable field '_projectPath' must contain a non-null value when exiting constructor. Consider adding the 'required' modifier or declaring the field as nullable. [C:\Programming\APKToolUI\PulseAPK_wxfgtyvv_wpftmp.csproj]
C:\Programming\APKToolUI\ViewModels\BuildViewModel.cs(50,16): warning CS8618: Non-nullable field '_projectPath' must contain a non-null value when exiting constructor. Consider adding the 'required' modifier or declaring the field as nullable. [C:\Programming\APKToolUI\PulseAPK_wxfgtyvv_wpftmp.csproj]
C:\Programming\APKToolUI\ViewModels\BuildViewModel.cs(50,16): warning CS8618: Non-nullable field '_outputApkPath' must contain a non-null value when exiting constructor. Consider adding the 'required' modifier or declaring the field as nullable. [C:\Programming\APKToolUI\PulseAPK_wxfgtyvv_wpftmp.csproj]
C:\Programming\APKToolUI\ViewModels\BuildViewModel.cs(50,16): warning CS8618: Non-nullable field '_outputFolderPath' must contain a non-null value when exiting constructor. Consider adding the 'required' modifier or declaring the field as nullable. [C:\Programming\APKToolUI\PulseAPK_wxfgtyvv_wpftmp.csproj]
C:\Programming\APKToolUI\ViewModels\BuildViewModel.cs(50,16): warning CS8618: Non-nullable field '_outputApkName' must contain a non-null value when exiting constructor. Consider adding the 'required' modifier or declaring the field as nullable. [C:\Programming\APKToolUI\PulseAPK_wxfgtyvv_wpftmp.csproj]
C:\Programming\APKToolUI\ViewModels\DecompileViewModel.cs(46,16): warning CS8618: Non-nullable field '_apkPath' must contain a non-null value when exiting constructor. Consider adding the 'required' modifier or declaring the field as nullable. [C:\Programming\APKToolUI\PulseAPK_wxfgtyvv_wpftmp.csproj]
C:\Programming\APKToolUI\Services\SmaliAnalyserService.cs(35,66): warning CS8604: Possible null reference argument for parameter 'logCallback' in 'List<Finding> SmaliAnalyserService.DetectRootChecks(string[] smaliFiles, Action<string> logCallback)'. [C:\Programming\APKToolUI\PulseAPK_wxfgtyvv_wpftmp.csproj]
C:\Programming\APKToolUI\Views\AnalyserView.xaml.cs(46,78): error CS0117: 'Resources' does not contain a definition for 'Error_InvalidSmaliProject' [C:\Programming\APKToolUI\PulseAPK_wxfgtyvv_wpftmp.csproj]
C:\Programming\APKToolUI\Views\AnalyserView.xaml.cs(46,126): error CS0117: 'Resources' does not contain a definition for 'AnalyserHeader' [C:\Programming\APKToolUI\PulseAPK_wxfgtyvv_wpftmp.csproj]
C:\Programming\APKToolUI\Views\AnalyserView.xaml.cs(51,126): error CS0117: 'Resources' does not contain a definition for 'AnalyserHeader' [C:\Programming\APKToolUI\PulseAPK_wxfgtyvv_wpftmp.csproj]
C:\Programming\APKToolUI\ViewModels\AnalyserViewModel.cs(42,108): error CS0117: 'Resources' does not contain a definition for 'AnalyserHeader' [C:\Programming\APKToolUI\PulseAPK_wxfgtyvv_wpftmp.csproj]
C:\Programming\APKToolUI\ViewModels\AnalyserViewModel.cs(46,48): error CS0117: 'Resources' does not contain a definition for 'AnalysisStarting' [C:\Programming\APKToolUI\PulseAPK_wxfgtyvv_wpftmp.csproj]
C:\Programming\APKToolUI\ViewModels\AnalyserViewModel.cs(60,52): error CS0117: 'Resources' does not contain a definition for 'RootCheckFound' [C:\Programming\APKToolUI\PulseAPK_wxfgtyvv_wpftmp.csproj]
C:\Programming\APKToolUI\ViewModels\AnalyserViewModel.cs(61,52): error CS0117: 'Resources' does not contain a definition for 'FoundIn' [C:\Programming\APKToolUI\PulseAPK_wxfgtyvv_wpftmp.csproj]
C:\Programming\APKToolUI\ViewModels\AnalyserViewModel.cs(73,52): error CS0117: 'Resources' does not contain a definition for 'RootCheckNotFound' [C:\Programming\APKToolUI\PulseAPK_wxfgtyvv_wpftmp.csproj]
C:\Programming\APKToolUI\ViewModels\AnalyserViewModel.cs(80,52): error CS0117: 'Resources' does not contain a definition for 'EmulatorCheckFound' [C:\Programming\APKToolUI\PulseAPK_wxfgtyvv_wpftmp.csproj]
C:\Programming\APKToolUI\ViewModels\AnalyserViewModel.cs(81,52): error CS0117: 'Resources' does not contain a definition for 'FoundIn' [C:\Programming\APKToolUI\PulseAPK_wxfgtyvv_wpftmp.csproj]
C:\Programming\APKToolUI\ViewModels\AnalyserViewModel.cs(93,52): error CS0117: 'Resources' does not contain a definition for 'EmulatorCheckNotFound' [C:\Programming\APKToolUI\PulseAPK_wxfgtyvv_wpftmp.csproj]
C:\Programming\APKToolUI\ViewModels\AnalyserViewModel.cs(100,52): error CS0117: 'Resources' does not contain a definition for 'CredentialsFound' [C:\Programming\APKToolUI\PulseAPK_wxfgtyvv_wpftmp.csproj]
C:\Programming\APKToolUI\ViewModels\AnalyserViewModel.cs(101,52): error CS0117: 'Resources' does not contain a definition for 'FoundIn' [C:\Programming\APKToolUI\PulseAPK_wxfgtyvv_wpftmp.csproj]
C:\Programming\APKToolUI\ViewModels\AnalyserViewModel.cs(113,52): error CS0117: 'Resources' does not contain a definition for 'CredentialsNotFound' [C:\Programming\APKToolUI\PulseAPK_wxfgtyvv_wpftmp.csproj]
C:\Programming\APKToolUI\ViewModels\AnalyserViewModel.cs(120,52): error CS0117: 'Resources' does not contain a definition for 'SqlQueriesFound' [C:\Programming\APKToolUI\PulseAPK_wxfgtyvv_wpftmp.csproj]
C:\Programming\APKToolUI\ViewModels\AnalyserViewModel.cs(121,52): error CS0117: 'Resources' does not contain a definition for 'FoundIn' [C:\Programming\APKToolUI\PulseAPK_wxfgtyvv_wpftmp.csproj]
C:\Programming\APKToolUI\ViewModels\AnalyserViewModel.cs(133,52): error CS0117: 'Resources' does not contain a definition for 'SqlQueriesNotFound' [C:\Programming\APKToolUI\PulseAPK_wxfgtyvv_wpftmp.csproj]
C:\Programming\APKToolUI\ViewModels\AnalyserViewModel.cs(140,52): error CS0117: 'Resources' does not contain a definition for 'HttpUrlsFound' [C:\Programming\APKToolUI\PulseAPK_wxfgtyvv_wpftmp.csproj]
C:\Programming\APKToolUI\ViewModels\AnalyserViewModel.cs(141,52): error CS0117: 'Resources' does not contain a definition for 'FoundIn' [C:\Programming\APKToolUI\PulseAPK_wxfgtyvv_wpftmp.csproj]
C:\Programming\APKToolUI\ViewModels\AnalyserViewModel.cs(153,52): error CS0117: 'Resources' does not contain a definition for 'HttpUrlsNotFound' [C:\Programming\APKToolUI\PulseAPK_wxfgtyvv_wpftmp.csproj]
C:\Programming\APKToolUI\ViewModels\AnalyserViewModel.cs(157,48): error CS0117: 'Resources' does not contain a definition for 'AnalysisComplete' [C:\Programming\APKToolUI\PulseAPK_wxfgtyvv_wpftmp.csproj]
C:\Programming\APKToolUI\ViewModels\AnalyserViewModel.cs(158,63): error CS0117: 'Resources' does not contain a definition for 'AnalysisComplete' [C:\Programming\APKToolUI\PulseAPK_wxfgtyvv_wpftmp.csproj]
C:\Programming\APKToolUI\ViewModels\AnalyserViewModel.cs(162,51): error CS0117: 'Resources' does not contain a definition for 'AnalysisFailed' [C:\Programming\APKToolUI\PulseAPK_wxfgtyvv_wpftmp.csproj]
    7 Warning(s)
    23 Error(s)

Time Elapsed 00:00:01.20
